// Jest Snapshot v1, https://goo.gl/fbAQLP

exports[`renders correctly 1`] = `
<View
  style={
    Object {
      "flex": 1,
    }
  }
>
  <View
    style={
      Object {
        "flex": 1,
      }
    }
  >
    <View
      style={
        Object {
          "flex": 1,
        }
      }
    >
      <RCTWebView
        messagingEnabled={false}
        onLoadingError={[Function]}
        onLoadingFinish={[Function]}
        onLoadingStart={[Function]}
        onMessage={[Function]}
        scalesPageToFit={true}
        source={
          Object {
            "uri": "https://query.wikidata.org/embed.html#%23defaultView%3AMap%7B%22layer%22%3A%22%3Finstance_ofLabel%22%7D%0ASELECT%20%3Fplace%20%3FplaceLabel%20%3Fimage%20%3Fcoordinate_location%20%3Fdist%20%3Finstance_of%20%3Finstance_ofLabel%20WHERE%20%7B%0A%20%20SERVICE%20wikibase%3Aaround%20%7B%0A%20%20%20%20%3Fplace%20wdt%3AP625%20%3Fcoordinate_location.%0A%20%20%20%20bd%3AserviceParam%20wikibase%3Acenter%20%22Point%28undefined%20undefined%29%22%5E%5Egeo%3AwktLiteral.%0A%20%20%20%20bd%3AserviceParam%20wikibase%3Aradius%20%221%22.%0A%20%20%20%20bd%3AserviceParam%20wikibase%3Adistance%20%3Fdist.%0A%20%20%7D%0A%20%20SERVICE%20wikibase%3Alabel%20%7B%20bd%3AserviceParam%20wikibase%3Alanguage%20%22%5BAUTO_LANGUAGE%5D%2Cen%22.%20%7D%0A%20%20OPTIONAL%20%7B%20%3Fplace%20wdt%3AP18%20%3Fimage.%20%7D%0A%20%20OPTIONAL%20%7B%20%3Fplace%20wdt%3AP31%20%3Finstance_of.%20%7D%0A%7D",
          }
        }
        style={
          Array [
            Object {
              "flex": 1,
            },
            Object {
              "backgroundColor": "#ffffff",
            },
            Object {
              "flex": 1,
            },
          ]
        }
      />
    </View>
  </View>
  <View
    style={
      Object {
        "backgroundColor": "#ffee99",
        "flexDirection": "row",
        "justifyContent": "space-between",
      }
    }
  >
    <View
      accessible={true}
      isTVSelectable={true}
      onResponderGrant={[Function]}
      onResponderMove={[Function]}
      onResponderRelease={[Function]}
      onResponderTerminate={[Function]}
      onResponderTerminationRequest={[Function]}
      onStartShouldSetResponder={[Function]}
      style={
        Object {
          "alignItems": "center",
          "alignSelf": "stretch",
          "backgroundColor": "#ffee99",
          "opacity": 1,
          "padding": 20,
        }
      }
    >
      <Text
        accessible={true}
        allowFontScaling={true}
        ellipsizeMode="tail"
        style={
          Object {
            "color": "#333333",
            "fontSize": 20,
            "fontWeight": "bold",
          }
        }
      >
        AR View
      </Text>
    </View>
    <View
      accessible={true}
      isTVSelectable={true}
      onResponderGrant={[Function]}
      onResponderMove={[Function]}
      onResponderRelease={[Function]}
      onResponderTerminate={[Function]}
      onResponderTerminationRequest={[Function]}
      onStartShouldSetResponder={[Function]}
      style={
        Object {
          "alignItems": "center",
          "alignSelf": "stretch",
          "backgroundColor": "#ffee99",
          "opacity": 1,
          "padding": 20,
        }
      }
    >
      <Text
        accessible={true}
        allowFontScaling={true}
        ellipsizeMode="tail"
        style={
          Object {
            "color": "#333333",
            "fontSize": 20,
            "fontWeight": "bold",
          }
        }
      >
        Fav Map
      </Text>
    </View>
  </View>
</View>
`;
